Archive member included to satisfy reference by file (symbol)

hw_include/libdriver.a(gpio_pintypei2c_.o)
                              gcc/osram96x16.o (GPIOPinTypeI2C)
hw_include/libdriver.a(i2c_mastercontrol_.o)
                              gcc/osram96x16.o (I2CMasterControl)
hw_include/libdriver.a(i2c_masterdataput_.o)
                              gcc/osram96x16.o (I2CMasterDataPut)
hw_include/libdriver.a(i2c_masterinit_.o)
                              gcc/osram96x16.o (I2CMasterInit)
hw_include/libdriver.a(i2c_masterintstatus_.o)
                              gcc/osram96x16.o (I2CMasterIntStatus)
hw_include/libdriver.a(i2c_masterslaveaddrset_.o)
                              gcc/osram96x16.o (I2CMasterSlaveAddrSet)
hw_include/libdriver.a(interrupt_enable_.o)
                              gcc/timertest.o (IntEnable)
hw_include/libdriver.a(interrupt_priorityset_.o)
                              gcc/timertest.o (IntPrioritySet)
hw_include/libdriver.a(interrupt_pulregs_.o)
                              hw_include/libdriver.a(interrupt_priorityset_.o) (g_pulRegs)
hw_include/libdriver.a(sysctl_clockget_.o)
                              hw_include/libdriver.a(i2c_masterinit_.o) (SysCtlClockGet)
hw_include/libdriver.a(sysctl_clockset_.o)
                              gcc/main.o (SysCtlClockSet)
hw_include/libdriver.a(sysctl_peripheralenable_.o)
                              gcc/main.o (SysCtlPeripheralEnable)
hw_include/libdriver.a(sysctl_pulrcgcregs_.o)
                              hw_include/libdriver.a(sysctl_peripheralenable_.o) (g_pulRCGCRegs)
hw_include/libdriver.a(sysctl_pulxtals_.o)
                              hw_include/libdriver.a(sysctl_clockget_.o) (g_pulXtals)
hw_include/libdriver.a(timer_configure_.o)
                              gcc/timertest.o (TimerConfigure)
hw_include/libdriver.a(timer_enable_.o)
                              gcc/timertest.o (TimerEnable)
hw_include/libdriver.a(timer_intclear_.o)
                              gcc/timertest.o (TimerIntClear)
hw_include/libdriver.a(timer_intenable_.o)
                              gcc/timertest.o (TimerIntEnable)
hw_include/libdriver.a(timer_loadset_.o)
                              gcc/timertest.o (TimerLoadSet)
hw_include/libdriver.a(uart_charget_.o)
                              gcc/main.o (UARTCharGet)
hw_include/libdriver.a(uart_charput_.o)
                              gcc/main.o (UARTCharPut)
hw_include/libdriver.a(uart_charsavail_.o)
                              gcc/main.o (UARTCharsAvail)
hw_include/libdriver.a(uart_configset_.o)
                              gcc/main.o (UARTConfigSet)
hw_include/libdriver.a(uart_disable_.o)
                              hw_include/libdriver.a(uart_configset_.o) (UARTDisable)
hw_include/libdriver.a(uart_enable_.o)
                              hw_include/libdriver.a(uart_configset_.o) (UARTEnable)
hw_include/libdriver.a(gpio_dirmodeset_.o)
                              hw_include/libdriver.a(gpio_pintypei2c_.o) (GPIODirModeSet)
hw_include/libdriver.a(gpio_padconfigset_.o)
                              hw_include/libdriver.a(gpio_pintypei2c_.o) (GPIOPadConfigSet)
hw_include/libdriver.a(i2c_masterenable_.o)
                              hw_include/libdriver.a(i2c_masterinit_.o) (I2CMasterEnable)
/usr/lib/gcc/arm-none-eabi/10.3.1/../../../arm-none-eabi/lib/thumb/nofp/libc.a(lib_a-memcpy-stub.o)
                              gcc/main.o (memcpy)
/usr/lib/gcc/arm-none-eabi/10.3.1/../../../arm-none-eabi/lib/thumb/nofp/libc.a(lib_a-memset.o)
                              gcc/tasks.o (memset)

Memory Configuration

Name             Origin             Length             Attributes
FLASH            0x0000000000000000 0x0000000000010000 xr
SRAM             0x0000000020000000 0x0000000000002000 xrw
*default*        0x0000000000000000 0xffffffffffffffff

Linker script and memory map


.text           0x0000000000000000     0x4ebc
 *(.isr_vector)
 .isr_vector    0x0000000000000000       0xb8 gcc/startup.o
                0x0000000000000000                g_pfnVectors
 *(.text*)
 .text          0x00000000000000b8       0x54 gcc/startup.o
                0x00000000000000b8                ResetISR
 .text          0x000000000000010c      0x768 gcc/main.o
                0x000000000000010c                main
                0x0000000000000444                vUARTTask
                0x00000000000004ac                intToChar
                0x0000000000000584                ultoa
                0x0000000000000658                UARTSendString
                0x000000000000068c                UARTSendChar
                0x00000000000006ac                vPrintStats
 .text          0x0000000000000874       0x9c gcc/timertest.o
                0x0000000000000874                vSetupHighFrequencyTimer
                0x00000000000008ec                Timer0IntHandler
 .text          0x0000000000000910      0x15e gcc/list.o
                0x0000000000000910                vListInitialise
                0x000000000000094e                vListInitialiseItem
                0x0000000000000966                vListInsertEnd
                0x00000000000009ac                vListInsert
                0x0000000000000a1c                uxListRemove
 *fill*         0x0000000000000a6e        0x2 
 .text          0x0000000000000a70      0xc9c gcc/queue.o
                0x0000000000000a70                xQueueGenericReset
                0x0000000000000b58                xQueueGenericCreate
                0x0000000000000c1c                xQueueGenericSend
                0x0000000000000d70                xQueueGenericSendFromISR
                0x0000000000000e3a                xQueueGiveFromISR
                0x0000000000000ef2                xQueueReceive
                0x0000000000001038                xQueueSemaphoreTake
                0x0000000000001174                xQueuePeek
                0x00000000000012bc                xQueueReceiveFromISR
                0x000000000000137e                xQueuePeekFromISR
                0x00000000000013e4                uxQueueMessagesWaiting
                0x0000000000001404                uxQueueSpacesAvailable
                0x000000000000142e                uxQueueMessagesWaitingFromISR
                0x000000000000144c                vQueueDelete
                0x0000000000001466                uxQueueGetQueueNumber
                0x000000000000147c                vQueueSetQueueNumber
                0x0000000000001496                ucQueueGetQueueType
                0x0000000000001682                xQueueIsQueueEmptyFromISR
                0x00000000000016dc                xQueueIsQueueFullFromISR
 .text          0x000000000000170c     0x1b34 gcc/tasks.o
                0x000000000000170c                xTaskCreate
                0x00000000000019a0                xTaskDelayUntil
                0x0000000000001a44                vTaskDelay
                0x0000000000001a8c                eTaskGetState
                0x0000000000001af4                vTaskStartScheduler
                0x0000000000001b74                vTaskEndScheduler
                0x0000000000001ba4                vTaskSuspendAll
                0x0000000000001bc0                xTaskResumeAll
                0x0000000000001d98                xTaskGetTickCount
                0x0000000000001db4                xTaskGetTickCountFromISR
                0x0000000000001dd4                uxTaskGetNumberOfTasks
                0x0000000000001de8                pcTaskGetName
                0x0000000000001e14                uxTaskGetSystemState
                0x0000000000001ee8                xTaskCatchUpTicks
                0x0000000000001f1c                xTaskIncrementTick
                0x0000000000002128                vTaskSwitchContext
                0x00000000000021f0                vTaskPlaceOnEventList
                0x000000000000221c                vTaskPlaceOnUnorderedEventList
                0x000000000000228c                xTaskRemoveFromEventList
                0x000000000000241c                vTaskRemoveFromUnorderedEventList
                0x000000000000255c                vTaskSetTimeOutState
                0x000000000000258c                vTaskInternalSetTimeOutState
                0x00000000000025b8                xTaskCheckForTimeOut
                0x000000000000263c                vTaskMissedYield
                0x0000000000002654                uxTaskGetTaskNumber
                0x000000000000267e                vTaskSetTaskNumber
                0x0000000000002728                vTaskGetInfo
                0x00000000000028b2                uxTaskGetStackHighWaterMark
                0x000000000000291c                xTaskGetCurrentTaskHandle
                0x0000000000002938                uxTaskResetEventItemValue
                0x0000000000002968                ulTaskGenericNotifyTake
                0x0000000000002a24                xTaskGenericNotifyWait
                0x0000000000002b10                xTaskGenericNotify
                0x0000000000002ce0                xTaskGenericNotifyFromISR
                0x0000000000002f28                vTaskGenericNotifyGiveFromISR
                0x00000000000030e0                xTaskGenericNotifyStateClear
                0x0000000000003138                ulTaskGenericNotifyValueClear
 .text          0x0000000000003240      0x250 gcc/port.o
                0x0000000000003240                pxPortInitialiseStack
                0x00000000000032ca                vPortSVCHandler
                0x0000000000003316                xPortStartScheduler
                0x0000000000003358                vPortEndScheduler
                0x0000000000003364                vPortEnterCritical
                0x0000000000003398                vPortExitCritical
                0x00000000000033cc                xPortPendSVHandler
                0x0000000000003416                xPortSysTickHandler
                0x000000000000345c                vPortSetupTimerInterrupt
 .text          0x0000000000003490       0xe8 gcc/heap_1.o
                0x0000000000003490                pvPortMalloc
                0x0000000000003534                vPortFree
                0x0000000000003546                vPortInitialiseBlocks
                0x000000000000355c                xPortGetFreeHeapSize
 .text          0x0000000000003578      0x2dc gcc/BlockQ.o
                0x0000000000003578                vStartBlockingQueueTasks
                0x00000000000037c2                xAreBlockingQueuesStillRunning
 .text          0x0000000000003854      0x184 gcc/PollQ.o
                0x0000000000003854                vStartPolledQueueTasks
                0x0000000000003998                xArePollingQueuesStillRunning
 .text          0x00000000000039d8      0x114 gcc/integer.o
                0x00000000000039d8                vStartIntegerMathTasks
                0x0000000000003a98                xAreIntegerMathsTaskStillRunning
 .text          0x0000000000003aec      0x290 gcc/semtest.o
                0x0000000000003aec                vStartSemaphoreTasks
                0x0000000000003d20                xAreSemaphoreTasksStillRunning
 .text          0x0000000000003d7c      0x688 gcc/osram96x16.o
                0x0000000000003e0c                OSRAMClear
                0x0000000000003f14                OSRAMStringDraw
                0x00000000000040f8                OSRAMImageDraw
                0x0000000000004248                OSRAMInit
                0x00000000000042e4                OSRAMDisplayOn
                0x0000000000004344                OSRAMDisplayOff
 .text          0x0000000000004404       0x20 hw_include/libdriver.a(gpio_pintypei2c_.o)
                0x0000000000004404                GPIOPinTypeI2C
 .text          0x0000000000004424        0x4 hw_include/libdriver.a(i2c_mastercontrol_.o)
                0x0000000000004424                I2CMasterControl
 .text          0x0000000000004428        0x4 hw_include/libdriver.a(i2c_masterdataput_.o)
                0x0000000000004428                I2CMasterDataPut
 .text          0x000000000000442c       0x34 hw_include/libdriver.a(i2c_masterinit_.o)
                0x000000000000442c                I2CMasterInit
 .text          0x0000000000004460       0x18 hw_include/libdriver.a(i2c_masterintstatus_.o)
                0x0000000000004460                I2CMasterIntStatus
 .text          0x0000000000004478        0x8 hw_include/libdriver.a(i2c_masterslaveaddrset_.o)
                0x0000000000004478                I2CMasterSlaveAddrSet
 .text          0x0000000000004480       0x5c hw_include/libdriver.a(interrupt_enable_.o)
                0x0000000000004480                IntEnable
 .text          0x00000000000044dc       0x30 hw_include/libdriver.a(interrupt_priorityset_.o)
                0x00000000000044dc                IntPrioritySet
 .text          0x000000000000450c        0x0 hw_include/libdriver.a(interrupt_pulregs_.o)
 .text          0x000000000000450c       0x90 hw_include/libdriver.a(sysctl_clockget_.o)
                0x000000000000450c                SysCtlClockGet
 .text          0x000000000000459c       0xcc hw_include/libdriver.a(sysctl_clockset_.o)
                0x000000000000459c                SysCtlClockSet
 .text          0x0000000000004668       0x1c hw_include/libdriver.a(sysctl_peripheralenable_.o)
                0x0000000000004668                SysCtlPeripheralEnable
 .text          0x0000000000004684        0x0 hw_include/libdriver.a(sysctl_pulrcgcregs_.o)
 .text          0x0000000000004684        0x0 hw_include/libdriver.a(sysctl_pulxtals_.o)
 .text          0x0000000000004684       0x20 hw_include/libdriver.a(timer_configure_.o)
                0x0000000000004684                TimerConfigure
 .text          0x00000000000046a4       0x10 hw_include/libdriver.a(timer_enable_.o)
                0x00000000000046a4                TimerEnable
 .text          0x00000000000046b4        0x4 hw_include/libdriver.a(timer_intclear_.o)
                0x00000000000046b4                TimerIntClear
 .text          0x00000000000046b8        0x8 hw_include/libdriver.a(timer_intenable_.o)
                0x00000000000046b8                TimerIntEnable
 .text          0x00000000000046c0       0x14 hw_include/libdriver.a(timer_loadset_.o)
                0x00000000000046c0                TimerLoadSet
 .text          0x00000000000046d4       0x10 hw_include/libdriver.a(uart_charget_.o)
                0x00000000000046d4                UARTCharGet
 .text          0x00000000000046e4       0x10 hw_include/libdriver.a(uart_charput_.o)
                0x00000000000046e4                UARTCharPut
 .text          0x00000000000046f4       0x10 hw_include/libdriver.a(uart_charsavail_.o)
                0x00000000000046f4                UARTCharsAvail
 .text          0x0000000000004704       0x38 hw_include/libdriver.a(uart_configset_.o)
                0x0000000000004704                UARTConfigSet
 .text          0x000000000000473c       0x24 hw_include/libdriver.a(uart_disable_.o)
                0x000000000000473c                UARTDisable
 .text          0x0000000000004760       0x18 hw_include/libdriver.a(uart_enable_.o)
                0x0000000000004760                UARTEnable
 .text          0x0000000000004778       0x48 hw_include/libdriver.a(gpio_dirmodeset_.o)
                0x0000000000004778                GPIODirModeSet
 .text          0x00000000000047c0      0x11c hw_include/libdriver.a(gpio_padconfigset_.o)
                0x00000000000047c0                GPIOPadConfigSet
 .text          0x00000000000048dc        0xc hw_include/libdriver.a(i2c_masterenable_.o)
                0x00000000000048dc                I2CMasterEnable
 .text          0x00000000000048e8       0xa8 /usr/lib/gcc/arm-none-eabi/10.3.1/../../../arm-none-eabi/lib/thumb/nofp/libc.a(lib_a-memcpy-stub.o)
                0x00000000000048e8                memcpy
 .text          0x0000000000004990       0xb0 /usr/lib/gcc/arm-none-eabi/10.3.1/../../../arm-none-eabi/lib/thumb/nofp/libc.a(lib_a-memset.o)
                0x0000000000004990                memset
 *(.rodata*)
 .rodata        0x0000000000004a40      0x140 gcc/main.o
 .rodata        0x0000000000004b80        0x5 gcc/tasks.o
 *fill*         0x0000000000004b85        0x3 
 .rodata        0x0000000000004b88       0x30 gcc/BlockQ.o
 .rodata        0x0000000000004bb8       0x10 gcc/PollQ.o
 .rodata        0x0000000000004bc8        0x8 gcc/integer.o
 .rodata        0x0000000000004bd0       0x20 gcc/semtest.o
 .rodata        0x0000000000004bf0      0x25d gcc/osram96x16.o
 *fill*         0x0000000000004e4d        0x3 
 .rodata        0x0000000000004e50       0x30 hw_include/libdriver.a(interrupt_pulregs_.o)
                0x0000000000004e50                g_pulRegs
 .rodata        0x0000000000004e80        0xc hw_include/libdriver.a(sysctl_pulrcgcregs_.o)
                0x0000000000004e80                g_pulRCGCRegs
 .rodata        0x0000000000004e8c       0x30 hw_include/libdriver.a(sysctl_pulxtals_.o)
                0x0000000000004e8c                g_pulXtals
                0x0000000000004ebc                _etext = .

.glue_7         0x0000000000004ebc        0x0
 .glue_7        0x0000000000004ebc        0x0 linker stubs

.glue_7t        0x0000000000004ebc        0x0
 .glue_7t       0x0000000000004ebc        0x0 linker stubs

.vfp11_veneer   0x0000000000004ebc        0x0
 .vfp11_veneer  0x0000000000004ebc        0x0 linker stubs

.v4_bx          0x0000000000004ebc        0x0
 .v4_bx         0x0000000000004ebc        0x0 linker stubs

.iplt           0x0000000000004ebc        0x0
 .iplt          0x0000000000004ebc        0x0 gcc/startup.o

.rel.dyn        0x0000000000004ebc        0x0
 .rel.iplt      0x0000000000004ebc        0x0 gcc/startup.o

.data           0x0000000020000000        0xc load address 0x0000000000004ebc
                0x0000000020000000                _data = .
 *(vtable)
 *(.data)
 .data          0x0000000020000000        0x0 gcc/startup.o
 .data          0x0000000020000000        0x4 gcc/main.o
 .data          0x0000000020000004        0x0 gcc/timertest.o
 .data          0x0000000020000004        0x0 gcc/list.o
 .data          0x0000000020000004        0x0 gcc/queue.o
 .data          0x0000000020000004        0x4 gcc/tasks.o
                0x0000000020000004                uxTopUsedPriority
 .data          0x0000000020000008        0x4 gcc/port.o
 .data          0x000000002000000c        0x0 gcc/heap_1.o
 .data          0x000000002000000c        0x0 gcc/BlockQ.o
 .data          0x000000002000000c        0x0 gcc/PollQ.o
 .data          0x000000002000000c        0x0 gcc/integer.o
 .data          0x000000002000000c        0x0 gcc/semtest.o
 .data          0x000000002000000c        0x0 gcc/osram96x16.o
 .data          0x000000002000000c        0x0 hw_include/libdriver.a(gpio_pintypei2c_.o)
 .data          0x000000002000000c        0x0 hw_include/libdriver.a(i2c_mastercontrol_.o)
 .data          0x000000002000000c        0x0 hw_include/libdriver.a(i2c_masterdataput_.o)
 .data          0x000000002000000c        0x0 hw_include/libdriver.a(i2c_masterinit_.o)
 .data          0x000000002000000c        0x0 hw_include/libdriver.a(i2c_masterintstatus_.o)
 .data          0x000000002000000c        0x0 hw_include/libdriver.a(i2c_masterslaveaddrset_.o)
 .data          0x000000002000000c        0x0 hw_include/libdriver.a(interrupt_enable_.o)
 .data          0x000000002000000c        0x0 hw_include/libdriver.a(interrupt_priorityset_.o)
 .data          0x000000002000000c        0x0 hw_include/libdriver.a(interrupt_pulregs_.o)
 .data          0x000000002000000c        0x0 hw_include/libdriver.a(sysctl_clockget_.o)
 .data          0x000000002000000c        0x0 hw_include/libdriver.a(sysctl_clockset_.o)
 .data          0x000000002000000c        0x0 hw_include/libdriver.a(sysctl_peripheralenable_.o)
 .data          0x000000002000000c        0x0 hw_include/libdriver.a(sysctl_pulrcgcregs_.o)
 .data          0x000000002000000c        0x0 hw_include/libdriver.a(sysctl_pulxtals_.o)
 .data          0x000000002000000c        0x0 hw_include/libdriver.a(timer_configure_.o)
 .data          0x000000002000000c        0x0 hw_include/libdriver.a(timer_enable_.o)
 .data          0x000000002000000c        0x0 hw_include/libdriver.a(timer_intclear_.o)
 .data          0x000000002000000c        0x0 hw_include/libdriver.a(timer_intenable_.o)
 .data          0x000000002000000c        0x0 hw_include/libdriver.a(timer_loadset_.o)
 .data          0x000000002000000c        0x0 hw_include/libdriver.a(uart_charget_.o)
 .data          0x000000002000000c        0x0 hw_include/libdriver.a(uart_charput_.o)
 .data          0x000000002000000c        0x0 hw_include/libdriver.a(uart_charsavail_.o)
 .data          0x000000002000000c        0x0 hw_include/libdriver.a(uart_configset_.o)
 .data          0x000000002000000c        0x0 hw_include/libdriver.a(uart_disable_.o)
 .data          0x000000002000000c        0x0 hw_include/libdriver.a(uart_enable_.o)
 .data          0x000000002000000c        0x0 hw_include/libdriver.a(gpio_dirmodeset_.o)
 .data          0x000000002000000c        0x0 hw_include/libdriver.a(gpio_padconfigset_.o)
 .data          0x000000002000000c        0x0 hw_include/libdriver.a(i2c_masterenable_.o)
 .data          0x000000002000000c        0x0 /usr/lib/gcc/arm-none-eabi/10.3.1/../../../arm-none-eabi/lib/thumb/nofp/libc.a(lib_a-memcpy-stub.o)
 .data          0x000000002000000c        0x0 /usr/lib/gcc/arm-none-eabi/10.3.1/../../../arm-none-eabi/lib/thumb/nofp/libc.a(lib_a-memset.o)
                0x000000002000000c                _edata = .

.igot.plt       0x000000002000000c        0x0 load address 0x0000000000004ec8
 .igot.plt      0x000000002000000c        0x0 gcc/startup.o

.bss            0x000000002000000c     0x1e74 load address 0x0000000000004ec8
                0x000000002000000c                _bss = .
 *(.bss)
 .bss           0x000000002000000c      0x100 gcc/startup.o
 .bss           0x000000002000010c       0xe8 gcc/main.o
                0x0000000020000110                xButtonSemaphore
                0x0000000020000114                xPrintQueue
                0x0000000020000118                xSensorValueQueue
                0x000000002000011c                xNValueQueue
 .bss           0x00000000200001f4        0x4 gcc/timertest.o
                0x00000000200001f4                ulHighFrequencyTimerTicks
 .bss           0x00000000200001f8        0x0 gcc/list.o
 .bss           0x00000000200001f8        0x0 gcc/queue.o
 .bss           0x00000000200001f8       0xe0 gcc/tasks.o
                0x00000000200001f8                pxCurrentTCB
 .bss           0x00000000200002d8        0x0 gcc/port.o
 .bss           0x00000000200002d8     0x1b60 gcc/heap_1.o
 .bss           0x0000000020001e38       0x1e gcc/BlockQ.o
 *fill*         0x0000000020001e56        0x2 
 .bss           0x0000000020001e58        0xc gcc/PollQ.o
 .bss           0x0000000020001e64        0x4 gcc/integer.o
 .bss           0x0000000020001e68       0x14 gcc/semtest.o
 .bss           0x0000000020001e7c        0x4 gcc/osram96x16.o
 .bss           0x0000000020001e80        0x0 hw_include/libdriver.a(gpio_pintypei2c_.o)
 .bss           0x0000000020001e80        0x0 hw_include/libdriver.a(i2c_mastercontrol_.o)
 .bss           0x0000000020001e80        0x0 hw_include/libdriver.a(i2c_masterdataput_.o)
 .bss           0x0000000020001e80        0x0 hw_include/libdriver.a(i2c_masterinit_.o)
 .bss           0x0000000020001e80        0x0 hw_include/libdriver.a(i2c_masterintstatus_.o)
 .bss           0x0000000020001e80        0x0 hw_include/libdriver.a(i2c_masterslaveaddrset_.o)
 .bss           0x0000000020001e80        0x0 hw_include/libdriver.a(interrupt_enable_.o)
 .bss           0x0000000020001e80        0x0 hw_include/libdriver.a(interrupt_priorityset_.o)
 .bss           0x0000000020001e80        0x0 hw_include/libdriver.a(interrupt_pulregs_.o)
 .bss           0x0000000020001e80        0x0 hw_include/libdriver.a(sysctl_clockget_.o)
 .bss           0x0000000020001e80        0x0 hw_include/libdriver.a(sysctl_clockset_.o)
 .bss           0x0000000020001e80        0x0 hw_include/libdriver.a(sysctl_peripheralenable_.o)
 .bss           0x0000000020001e80        0x0 hw_include/libdriver.a(sysctl_pulrcgcregs_.o)
 .bss           0x0000000020001e80        0x0 hw_include/libdriver.a(sysctl_pulxtals_.o)
 .bss           0x0000000020001e80        0x0 hw_include/libdriver.a(timer_configure_.o)
 .bss           0x0000000020001e80        0x0 hw_include/libdriver.a(timer_enable_.o)
 .bss           0x0000000020001e80        0x0 hw_include/libdriver.a(timer_intclear_.o)
 .bss           0x0000000020001e80        0x0 hw_include/libdriver.a(timer_intenable_.o)
 .bss           0x0000000020001e80        0x0 hw_include/libdriver.a(timer_loadset_.o)
 .bss           0x0000000020001e80        0x0 hw_include/libdriver.a(uart_charget_.o)
 .bss           0x0000000020001e80        0x0 hw_include/libdriver.a(uart_charput_.o)
 .bss           0x0000000020001e80        0x0 hw_include/libdriver.a(uart_charsavail_.o)
 .bss           0x0000000020001e80        0x0 hw_include/libdriver.a(uart_configset_.o)
 .bss           0x0000000020001e80        0x0 hw_include/libdriver.a(uart_disable_.o)
 .bss           0x0000000020001e80        0x0 hw_include/libdriver.a(uart_enable_.o)
 .bss           0x0000000020001e80        0x0 hw_include/libdriver.a(gpio_dirmodeset_.o)
 .bss           0x0000000020001e80        0x0 hw_include/libdriver.a(gpio_padconfigset_.o)
 .bss           0x0000000020001e80        0x0 hw_include/libdriver.a(i2c_masterenable_.o)
 .bss           0x0000000020001e80        0x0 /usr/lib/gcc/arm-none-eabi/10.3.1/../../../arm-none-eabi/lib/thumb/nofp/libc.a(lib_a-memcpy-stub.o)
 .bss           0x0000000020001e80        0x0 /usr/lib/gcc/arm-none-eabi/10.3.1/../../../arm-none-eabi/lib/thumb/nofp/libc.a(lib_a-memset.o)
 *(COMMON)
                0x0000000020001e80                _ebss = .
LOAD gcc/startup.o
LOAD gcc/main.o
LOAD gcc/timertest.o
LOAD gcc/list.o
LOAD gcc/queue.o
LOAD gcc/tasks.o
LOAD gcc/port.o
LOAD gcc/heap_1.o
LOAD gcc/BlockQ.o
LOAD gcc/PollQ.o
LOAD gcc/integer.o
LOAD gcc/semtest.o
LOAD gcc/osram96x16.o
LOAD hw_include/libdriver.a
LOAD /usr/lib/gcc/arm-none-eabi/10.3.1/../../../arm-none-eabi/lib/thumb/nofp/libc.a
LOAD /usr/lib/gcc/arm-none-eabi/10.3.1/thumb/nofp/libgcc.a
OUTPUT(gcc/RTOSDemo.axf elf32-littlearm)
LOAD linker stubs

.debug_info     0x0000000000000000     0x57ad
 .debug_info    0x0000000000000000      0x11e gcc/startup.o
 .debug_info    0x000000000000011e      0x6ed gcc/main.o
 .debug_info    0x000000000000080b      0x105 gcc/timertest.o
 .debug_info    0x0000000000000910      0x2c1 gcc/list.o
 .debug_info    0x0000000000000bd1      0xf31 gcc/queue.o
 .debug_info    0x0000000000001b02     0x1990 gcc/tasks.o
 .debug_info    0x0000000000003492      0x2d1 gcc/port.o
 .debug_info    0x0000000000003763      0x16f gcc/heap_1.o
 .debug_info    0x00000000000038d2      0x34f gcc/BlockQ.o
 .debug_info    0x0000000000003c21      0x21f gcc/PollQ.o
 .debug_info    0x0000000000003e40      0x19a gcc/integer.o
 .debug_info    0x0000000000003fda      0x2b4 gcc/semtest.o
 .debug_info    0x000000000000428e     0x1286 gcc/osram96x16.o
 .debug_info    0x0000000000005514      0x15c /usr/lib/gcc/arm-none-eabi/10.3.1/../../../arm-none-eabi/lib/thumb/nofp/libc.a(lib_a-memcpy-stub.o)
 .debug_info    0x0000000000005670      0x13d /usr/lib/gcc/arm-none-eabi/10.3.1/../../../arm-none-eabi/lib/thumb/nofp/libc.a(lib_a-memset.o)

.debug_abbrev   0x0000000000000000     0x1390
 .debug_abbrev  0x0000000000000000       0xb3 gcc/startup.o
 .debug_abbrev  0x00000000000000b3      0x1f0 gcc/main.o
 .debug_abbrev  0x00000000000002a3       0xe3 gcc/timertest.o
 .debug_abbrev  0x0000000000000386       0xef gcc/list.o
 .debug_abbrev  0x0000000000000475      0x210 gcc/queue.o
 .debug_abbrev  0x0000000000000685      0x2e7 gcc/tasks.o
 .debug_abbrev  0x000000000000096c      0x1e3 gcc/port.o
 .debug_abbrev  0x0000000000000b4f       0xfc gcc/heap_1.o
 .debug_abbrev  0x0000000000000c4b      0x119 gcc/BlockQ.o
 .debug_abbrev  0x0000000000000d64       0xcd gcc/PollQ.o
 .debug_abbrev  0x0000000000000e31       0xdf gcc/integer.o
 .debug_abbrev  0x0000000000000f10      0x119 gcc/semtest.o
 .debug_abbrev  0x0000000000001029      0x1ec gcc/osram96x16.o
 .debug_abbrev  0x0000000000001215       0xc7 /usr/lib/gcc/arm-none-eabi/10.3.1/../../../arm-none-eabi/lib/thumb/nofp/libc.a(lib_a-memcpy-stub.o)
 .debug_abbrev  0x00000000000012dc       0xb4 /usr/lib/gcc/arm-none-eabi/10.3.1/../../../arm-none-eabi/lib/thumb/nofp/libc.a(lib_a-memset.o)

.debug_aranges  0x0000000000000000      0x1e0
 .debug_aranges
                0x0000000000000000       0x20 gcc/startup.o
 .debug_aranges
                0x0000000000000020       0x20 gcc/main.o
 .debug_aranges
                0x0000000000000040       0x20 gcc/timertest.o
 .debug_aranges
                0x0000000000000060       0x20 gcc/list.o
 .debug_aranges
                0x0000000000000080       0x20 gcc/queue.o
 .debug_aranges
                0x00000000000000a0       0x20 gcc/tasks.o
 .debug_aranges
                0x00000000000000c0       0x20 gcc/port.o
 .debug_aranges
                0x00000000000000e0       0x20 gcc/heap_1.o
 .debug_aranges
                0x0000000000000100       0x20 gcc/BlockQ.o
 .debug_aranges
                0x0000000000000120       0x20 gcc/PollQ.o
 .debug_aranges
                0x0000000000000140       0x20 gcc/integer.o
 .debug_aranges
                0x0000000000000160       0x20 gcc/semtest.o
 .debug_aranges
                0x0000000000000180       0x20 gcc/osram96x16.o
 .debug_aranges
                0x00000000000001a0       0x20 /usr/lib/gcc/arm-none-eabi/10.3.1/../../../arm-none-eabi/lib/thumb/nofp/libc.a(lib_a-memcpy-stub.o)
 .debug_aranges
                0x00000000000001c0       0x20 /usr/lib/gcc/arm-none-eabi/10.3.1/../../../arm-none-eabi/lib/thumb/nofp/libc.a(lib_a-memset.o)

.debug_line     0x0000000000000000     0x2efb
 .debug_line    0x0000000000000000       0x85 gcc/startup.o
 .debug_line    0x0000000000000085      0x457 gcc/main.o
 .debug_line    0x00000000000004dc       0xf7 gcc/timertest.o
 .debug_line    0x00000000000005d3      0x196 gcc/list.o
 .debug_line    0x0000000000000769      0x7c3 gcc/queue.o
 .debug_line    0x0000000000000f2c      0xb9f gcc/tasks.o
 .debug_line    0x0000000000001acb      0x1f9 gcc/port.o
 .debug_line    0x0000000000001cc4       0xfb gcc/heap_1.o
 .debug_line    0x0000000000001dbf      0x1fd gcc/BlockQ.o
 .debug_line    0x0000000000001fbc      0x19d gcc/PollQ.o
 .debug_line    0x0000000000002159      0x134 gcc/integer.o
 .debug_line    0x000000000000228d      0x21a gcc/semtest.o
 .debug_line    0x00000000000024a7      0x6d9 gcc/osram96x16.o
 .debug_line    0x0000000000002b80      0x1ad /usr/lib/gcc/arm-none-eabi/10.3.1/../../../arm-none-eabi/lib/thumb/nofp/libc.a(lib_a-memcpy-stub.o)
 .debug_line    0x0000000000002d2d      0x1ce /usr/lib/gcc/arm-none-eabi/10.3.1/../../../arm-none-eabi/lib/thumb/nofp/libc.a(lib_a-memset.o)

.debug_str      0x0000000000000000     0x1f1c
 .debug_str     0x0000000000000000      0x10b gcc/startup.o
                                        0x12a (size before relaxing)
 .debug_str     0x000000000000010b      0x3ab gcc/main.o
                                        0x4bb (size before relaxing)
 .debug_str     0x00000000000004b6       0x7b gcc/timertest.o
                                        0x1ad (size before relaxing)
 .debug_str     0x0000000000000531      0x12b gcc/list.o
                                        0x284 (size before relaxing)
 .debug_str     0x000000000000065c      0x4ad gcc/queue.o
                                        0x724 (size before relaxing)
 .debug_str     0x0000000000000b09      0x9df gcc/tasks.o
                                        0xe4c (size before relaxing)
 .debug_str     0x00000000000014e8      0x11c gcc/port.o
                                        0x2e8 (size before relaxing)
 .debug_str     0x0000000000001604       0x9c gcc/heap_1.o
                                        0x1e2 (size before relaxing)
 .debug_str     0x00000000000016a0      0x212 gcc/BlockQ.o
                                        0x3c1 (size before relaxing)
 .debug_str     0x00000000000018b2       0xbc gcc/PollQ.o
                                        0x2a4 (size before relaxing)
 .debug_str     0x000000000000196e       0x8c gcc/integer.o
                                        0x21f (size before relaxing)
 .debug_str     0x00000000000019fa      0x143 gcc/semtest.o
                                        0x338 (size before relaxing)
 .debug_str     0x0000000000001b3d      0x204 gcc/osram96x16.o
                                        0x27c (size before relaxing)
 .debug_str     0x0000000000001d41      0x142 /usr/lib/gcc/arm-none-eabi/10.3.1/../../../arm-none-eabi/lib/thumb/nofp/libc.a(lib_a-memcpy-stub.o)
                                        0x1de (size before relaxing)
 .debug_str     0x0000000000001e83       0x99 /usr/lib/gcc/arm-none-eabi/10.3.1/../../../arm-none-eabi/lib/thumb/nofp/libc.a(lib_a-memset.o)
                                        0x1b9 (size before relaxing)

.comment        0x0000000000000000      0x3eb
 .comment       0x0000000000000000       0x33 gcc/startup.o
                                         0x34 (size before relaxing)
 .comment       0x0000000000000033       0x34 gcc/main.o
 .comment       0x0000000000000033       0x34 gcc/timertest.o
 .comment       0x0000000000000033       0x34 gcc/list.o
 .comment       0x0000000000000033       0x34 gcc/queue.o
 .comment       0x0000000000000033       0x34 gcc/tasks.o
 .comment       0x0000000000000033       0x34 gcc/port.o
 .comment       0x0000000000000033       0x34 gcc/heap_1.o
 .comment       0x0000000000000033       0x34 gcc/BlockQ.o
 .comment       0x0000000000000033       0x34 gcc/PollQ.o
 .comment       0x0000000000000033       0x34 gcc/integer.o
 .comment       0x0000000000000033       0x34 gcc/semtest.o
 .comment       0x0000000000000033       0x34 gcc/osram96x16.o
 .comment       0x0000000000000033       0x22 hw_include/libdriver.a(gpio_pintypei2c_.o)
 .comment       0x0000000000000055       0x22 hw_include/libdriver.a(i2c_mastercontrol_.o)
 .comment       0x0000000000000077       0x22 hw_include/libdriver.a(i2c_masterdataput_.o)
 .comment       0x0000000000000099       0x22 hw_include/libdriver.a(i2c_masterinit_.o)
 .comment       0x00000000000000bb       0x22 hw_include/libdriver.a(i2c_masterintstatus_.o)
 .comment       0x00000000000000dd       0x22 hw_include/libdriver.a(i2c_masterslaveaddrset_.o)
 .comment       0x00000000000000ff       0x22 hw_include/libdriver.a(interrupt_enable_.o)
 .comment       0x0000000000000121       0x22 hw_include/libdriver.a(interrupt_priorityset_.o)
 .comment       0x0000000000000143       0x22 hw_include/libdriver.a(interrupt_pulregs_.o)
 .comment       0x0000000000000165       0x22 hw_include/libdriver.a(sysctl_clockget_.o)
 .comment       0x0000000000000187       0x22 hw_include/libdriver.a(sysctl_clockset_.o)
 .comment       0x00000000000001a9       0x22 hw_include/libdriver.a(sysctl_peripheralenable_.o)
 .comment       0x00000000000001cb       0x22 hw_include/libdriver.a(sysctl_pulrcgcregs_.o)
 .comment       0x00000000000001ed       0x22 hw_include/libdriver.a(sysctl_pulxtals_.o)
 .comment       0x000000000000020f       0x22 hw_include/libdriver.a(timer_configure_.o)
 .comment       0x0000000000000231       0x22 hw_include/libdriver.a(timer_enable_.o)
 .comment       0x0000000000000253       0x22 hw_include/libdriver.a(timer_intclear_.o)
 .comment       0x0000000000000275       0x22 hw_include/libdriver.a(timer_intenable_.o)
 .comment       0x0000000000000297       0x22 hw_include/libdriver.a(timer_loadset_.o)
 .comment       0x00000000000002b9       0x22 hw_include/libdriver.a(uart_charget_.o)
 .comment       0x00000000000002db       0x22 hw_include/libdriver.a(uart_charput_.o)
 .comment       0x00000000000002fd       0x22 hw_include/libdriver.a(uart_charsavail_.o)
 .comment       0x000000000000031f       0x22 hw_include/libdriver.a(uart_configset_.o)
 .comment       0x0000000000000341       0x22 hw_include/libdriver.a(uart_disable_.o)
 .comment       0x0000000000000363       0x22 hw_include/libdriver.a(uart_enable_.o)
 .comment       0x0000000000000385       0x22 hw_include/libdriver.a(gpio_dirmodeset_.o)
 .comment       0x00000000000003a7       0x22 hw_include/libdriver.a(gpio_padconfigset_.o)
 .comment       0x00000000000003c9       0x22 hw_include/libdriver.a(i2c_masterenable_.o)
 .comment       0x00000000000003eb       0x34 /usr/lib/gcc/arm-none-eabi/10.3.1/../../../arm-none-eabi/lib/thumb/nofp/libc.a(lib_a-memcpy-stub.o)
 .comment       0x00000000000003eb       0x34 /usr/lib/gcc/arm-none-eabi/10.3.1/../../../arm-none-eabi/lib/thumb/nofp/libc.a(lib_a-memset.o)

.ARM.attributes
                0x0000000000000000       0x2f
 .ARM.attributes
                0x0000000000000000       0x2d gcc/startup.o
 .ARM.attributes
                0x000000000000002d       0x2d gcc/main.o
 .ARM.attributes
                0x000000000000005a       0x2d gcc/timertest.o
 .ARM.attributes
                0x0000000000000087       0x2d gcc/list.o
 .ARM.attributes
                0x00000000000000b4       0x2d gcc/queue.o
 .ARM.attributes
                0x00000000000000e1       0x2d gcc/tasks.o
 .ARM.attributes
                0x000000000000010e       0x2d gcc/port.o
 .ARM.attributes
                0x000000000000013b       0x2d gcc/heap_1.o
 .ARM.attributes
                0x0000000000000168       0x2d gcc/BlockQ.o
 .ARM.attributes
                0x0000000000000195       0x2d gcc/PollQ.o
 .ARM.attributes
                0x00000000000001c2       0x2d gcc/integer.o
 .ARM.attributes
                0x00000000000001ef       0x2d gcc/semtest.o
 .ARM.attributes
                0x000000000000021c       0x2d gcc/osram96x16.o
 .ARM.attributes
                0x0000000000000249       0x31 hw_include/libdriver.a(gpio_pintypei2c_.o)
 .ARM.attributes
                0x000000000000027a       0x31 hw_include/libdriver.a(i2c_mastercontrol_.o)
 .ARM.attributes
                0x00000000000002ab       0x31 hw_include/libdriver.a(i2c_masterdataput_.o)
 .ARM.attributes
                0x00000000000002dc       0x31 hw_include/libdriver.a(i2c_masterinit_.o)
 .ARM.attributes
                0x000000000000030d       0x31 hw_include/libdriver.a(i2c_masterintstatus_.o)
 .ARM.attributes
                0x000000000000033e       0x31 hw_include/libdriver.a(i2c_masterslaveaddrset_.o)
 .ARM.attributes
                0x000000000000036f       0x31 hw_include/libdriver.a(interrupt_enable_.o)
 .ARM.attributes
                0x00000000000003a0       0x31 hw_include/libdriver.a(interrupt_priorityset_.o)
 .ARM.attributes
                0x00000000000003d1       0x2f hw_include/libdriver.a(interrupt_pulregs_.o)
 .ARM.attributes
                0x0000000000000400       0x31 hw_include/libdriver.a(sysctl_clockget_.o)
 .ARM.attributes
                0x0000000000000431       0x31 hw_include/libdriver.a(sysctl_clockset_.o)
 .ARM.attributes
                0x0000000000000462       0x31 hw_include/libdriver.a(sysctl_peripheralenable_.o)
 .ARM.attributes
                0x0000000000000493       0x2f hw_include/libdriver.a(sysctl_pulrcgcregs_.o)
 .ARM.attributes
                0x00000000000004c2       0x2f hw_include/libdriver.a(sysctl_pulxtals_.o)
 .ARM.attributes
                0x00000000000004f1       0x31 hw_include/libdriver.a(timer_configure_.o)
 .ARM.attributes
                0x0000000000000522       0x31 hw_include/libdriver.a(timer_enable_.o)
 .ARM.attributes
                0x0000000000000553       0x31 hw_include/libdriver.a(timer_intclear_.o)
 .ARM.attributes
                0x0000000000000584       0x31 hw_include/libdriver.a(timer_intenable_.o)
 .ARM.attributes
                0x00000000000005b5       0x31 hw_include/libdriver.a(timer_loadset_.o)
 .ARM.attributes
                0x00000000000005e6       0x31 hw_include/libdriver.a(uart_charget_.o)
 .ARM.attributes
                0x0000000000000617       0x31 hw_include/libdriver.a(uart_charput_.o)
 .ARM.attributes
                0x0000000000000648       0x31 hw_include/libdriver.a(uart_charsavail_.o)
 .ARM.attributes
                0x0000000000000679       0x31 hw_include/libdriver.a(uart_configset_.o)
 .ARM.attributes
                0x00000000000006aa       0x31 hw_include/libdriver.a(uart_disable_.o)
 .ARM.attributes
                0x00000000000006db       0x31 hw_include/libdriver.a(uart_enable_.o)
 .ARM.attributes
                0x000000000000070c       0x31 hw_include/libdriver.a(gpio_dirmodeset_.o)
 .ARM.attributes
                0x000000000000073d       0x31 hw_include/libdriver.a(gpio_padconfigset_.o)
 .ARM.attributes
                0x000000000000076e       0x31 hw_include/libdriver.a(i2c_masterenable_.o)
 .ARM.attributes
                0x000000000000079f       0x2a /usr/lib/gcc/arm-none-eabi/10.3.1/../../../arm-none-eabi/lib/thumb/nofp/libc.a(lib_a-memcpy-stub.o)
 .ARM.attributes
                0x00000000000007c9       0x2a /usr/lib/gcc/arm-none-eabi/10.3.1/../../../arm-none-eabi/lib/thumb/nofp/libc.a(lib_a-memset.o)

.debug_frame    0x0000000000000000     0x13d8
 .debug_frame   0x0000000000000000       0x7c gcc/startup.o
 .debug_frame   0x000000000000007c      0x1cc gcc/main.o
 .debug_frame   0x0000000000000248       0x50 gcc/timertest.o
 .debug_frame   0x0000000000000298       0xd8 gcc/list.o
 .debug_frame   0x0000000000000370      0x3ac gcc/queue.o
 .debug_frame   0x000000000000071c      0x6ac gcc/tasks.o
 .debug_frame   0x0000000000000dc8      0x160 gcc/port.o
 .debug_frame   0x0000000000000f28       0x9c gcc/heap_1.o
 .debug_frame   0x0000000000000fc4       0xa0 gcc/BlockQ.o
 .debug_frame   0x0000000000001064       0x9c gcc/PollQ.o
 .debug_frame   0x0000000000001100       0x7c gcc/integer.o
 .debug_frame   0x000000000000117c       0x80 gcc/semtest.o
 .debug_frame   0x00000000000011fc      0x178 gcc/osram96x16.o
 .debug_frame   0x0000000000001374       0x34 /usr/lib/gcc/arm-none-eabi/10.3.1/../../../arm-none-eabi/lib/thumb/nofp/libc.a(lib_a-memcpy-stub.o)
 .debug_frame   0x00000000000013a8       0x30 /usr/lib/gcc/arm-none-eabi/10.3.1/../../../arm-none-eabi/lib/thumb/nofp/libc.a(lib_a-memset.o)

.debug_loc      0x0000000000000000      0xcba
 .debug_loc     0x0000000000000000      0x5ab gcc/osram96x16.o
 .debug_loc     0x00000000000005ab      0x46c /usr/lib/gcc/arm-none-eabi/10.3.1/../../../arm-none-eabi/lib/thumb/nofp/libc.a(lib_a-memcpy-stub.o)
 .debug_loc     0x0000000000000a17      0x2a3 /usr/lib/gcc/arm-none-eabi/10.3.1/../../../arm-none-eabi/lib/thumb/nofp/libc.a(lib_a-memset.o)

.debug_ranges   0x0000000000000000      0x188
 .debug_ranges  0x0000000000000000      0x188 gcc/osram96x16.o
